// Jest Snapshot v1, https://goo.gl/fbAQLP

exports[`Home tests should render home page (navbar and collections page in loading state) 1`] = `
<div>
  <div
    class="flex flex-col"
  >
    <div
      class="flex-grow"
    >
      <nav
        class="bg-gray-800 border-gray-200 dark:bg-gray-200 w-full border-b dark:border-gray-600"
      >
        <div
          class="max-w-screen-xl flex flex-wrap justify-between mx-auto p-4"
        >
          <div
            class="flex items-center mt-1"
          >
            <h1
              class="logo text-gray-200 dark:text-gray-900 text-6xl "
            >
              ethnopedia
            </h1>
          </div>
          <div
            class="flex items-center md:order-2"
          >
            <button
              class="text-gray-800 bg-white border border-gray-300 focus:outline-none
                           hover:bg-gray-100 focus:ring-4 focus:ring-gray-200 font-medium rounded-lg text-sm
                           p-2.5 mr-2 dark:bg-gray-800 dark:text-white dark:border-gray-600
                           dark:hover:bg-gray-700 dark:hover:border-gray-600 dark:focus:ring-gray-700"
              type="button"
            >
              <svg
                class="w-4 h-4 m-0.5"
              />
            </button>
            <button
              class="mr-2 bg-blue-500 hover:bg-blue-400 font-semibold text-white border-none"
              type="button"
            >
              Zaloguj się
            </button>
            <button
              class="bg-blue-500 hover:bg-blue-400 font-semibold text-white border-none"
              type="button"
            >
              Zarejestruj się
            </button>
          </div>
        </div>
      </nav>
      <div
        class="flex justify-center items-center h-screen bg-gray-50 dark:bg-gray-900"
        role="status"
      >
        <svg />
      </div>
    </div>
  </div>
</div>
`;
