// Jest Snapshot v1, https://goo.gl/fbAQLP

exports[`Loading page tests should render loading page 1`] = `
<div>
  <div
    class="flex justify-center items-center h-screen bg-gray-50 dark:bg-gray-900"
    role="status"
  >
    <svg />
  </div>
</div>
`;
