// Jest Snapshot v1, https://goo.gl/fbAQLP

exports[`ImportToExistingCollectionPage tests should render initial state 1`] = `
<div>
  <div
    class="min-h-screen bg-gray-50 dark:bg-gray-900 flex flex-col"
  >
    <nav
      class="bg-gray-800 border-gray-200 dark:bg-gray-200 w-full border-b dark:border-gray-600"
    >
      <div
        class="max-w-screen-xl flex flex-wrap justify-between mx-auto p-1"
      >
        <div
          class="flex items-center mt-1"
        >
          <h1
            class="logo text-gray-200 dark:text-gray-900 text-6xl "
          >
            ethnopedia
          </h1>
        </div>
        <div
          class="flex items-center md:order-2"
        >
          <button
            class="text-gray-800 bg-white border border-gray-300 focus:outline-none
                           hover:bg-gray-100 focus:ring-4 focus:ring-gray-200 font-medium rounded-lg text-sm
                           p-2.5 mr-2 dark:bg-gray-800 dark:text-white dark:border-gray-600
                           dark:hover:bg-gray-700 dark:hover:border-gray-600 dark:focus:ring-gray-700"
            type="button"
          >
            <svg
              aria-hidden="true"
              class="w-5 h-5 text-gray-800 dark:text-gray-200"
              fill="none"
              height="1em"
              stroke="currentColor"
              stroke-width="2"
              viewBox="0 0 24 24"
              width="1em"
              xmlns="http://www.w3.org/2000/svg"
            >
              <path
                d="M21 21l-6-6m2-5a7 7 0 11-14 0 7 7 0 0114 0z"
                stroke-linecap="round"
                stroke-linejoin="round"
              />
            </svg>
          </button>
          <button
            class="text-gray-800 bg-white border border-gray-300 focus:outline-none
                           hover:bg-gray-100 focus:ring-4 focus:ring-gray-200 font-medium rounded-lg text-sm
                           p-2.5 mr-2 dark:bg-gray-800 dark:text-white dark:border-gray-600
                           dark:hover:bg-gray-700 dark:hover:border-gray-600 dark:focus:ring-gray-700"
            type="button"
          >
            <svg
              class="w-4 h-4 m-0.5"
            />
          </button>
          <button
            class="mr-2 bg-blue-500 hover:bg-blue-400 font-semibold text-white border-none"
            type="button"
          >
            Zaloguj się
          </button>
          <button
            class="bg-blue-500 hover:bg-blue-400 font-semibold text-white border-none"
            type="button"
          >
            Zarejestruj się
          </button>
        </div>
      </div>
    </nav>
    <div
      class="container mx-auto px-24 sm:px-32 md:px-40 lg:px-48 mt-4 max-w-screen-lg"
    >
      <nav
        class="flex"
      >
        <ol
          class="inline-flex items-center space-x-1 md:space-x-2"
        >
          <li
            class="inline-flex items-center text-lg"
          >
            <a
              class="inline-flex items-center font-medium text-gray-600 dark:text-gray-400 hover:text-blue-600 dark:hover:text-blue-600"
              href="/"
            >
              Strona główna
            </a>
          </li>
          <span
            class="self-center"
          >
            <svg
              class="w-3 h-3 text-gray-600 dark:text-gray-400"
            />
          </span>
          <li
            class="inline-flex items-center text-lg"
          >
            <a
              class="inline-flex items-center font-medium text-gray-600 dark:text-gray-400 hover:text-blue-600 dark:hover:text-blue-600"
              href="/collections/67f84d80d2ac8e9a1e67cca4/artworks"
            >
              Kolekcja
            </a>
          </li>
        </ol>
      </nav>
      <div
        class="mt-4"
      >
        <div
          class="bg-white dark:bg-gray-800 rounded-lg shadow-md border dark:border-gray-600 p-8"
        >
          <div
            class="flex items-start rounded-t border-b pb-2"
          >
            <h3
              class="text-2xl font-bold text-gray-900 dark:text-white"
            >
              Importuj dane do kolekcji
            </h3>
          </div>
          <form>
            <label
              class="block text-sm font-bold text-gray-700 dark:text-white my-2"
              for="dropzone-file"
            >
              Wgraj plik arkusza kalkulacyjnego/CSV
            </label>
            <label
              aria-label="upload"
              class="flex flex-col items-start justify-start p-2 border-2 border-gray-200
                                            border-dashed rounded-lg cursor-pointer bg-gray-50 dark:hover:bg-gray-600
                                            dark:bg-gray-800 hover:bg-gray-100 dark:border-gray-600
                                            dark:hover:border-gray-500 dark:hover:bg-gray-700"
              for="dropzone-file"
            >
              <div
                class="flex flex-row items-center justify-center gap-4"
              >
                <svg
                  class="w-12 h-12 text-gray-500 dark:text-gray-400"
                />
                <p
                  class="text-sm font-normal text-gray-500 dark:text-gray-400"
                >
                  Kliknij, aby przesłać plik
                </p>
              </div>
              <input
                class="hidden"
                id="dropzone-file"
                type="file"
              />
            </label>
            <p
              class="block text-sm font-semibold text-gray-700 dark:text-white my-2"
            />
            <hr />
            <div
              class="flex justify-end mt-6"
            >
              <button
                class="px-4 py-2 mr-2"
                type="button"
              >
                Anuluj
              </button>
              <button
                class="px-4 py-2 color-button"
                disabled=""
                type="submit"
              >
                Importuj dane
              </button>
            </div>
          </form>
        </div>
      </div>
    </div>
  </div>
</div>
`;
