// Jest Snapshot v1, https://goo.gl/fbAQLP

exports[`collections controller DELETE endpoints deleteCollections should respond with status 200 and correct body 1`] = `
{
  "deletedArtworksCount": 9,
  "deletedCount": 2,
}
`;

exports[`collections controller GET endpoints getCollection should respond with status 200 and correct body 1`] = `
{
  "__v": 0,
  "_id": "66c4e516d6303ed5ac5a8e55",
  "description": "collection description",
  "name": "collection",
}
`;

exports[`collections controller POST endpoints createCollection should respond with status 201 and correct body 1`] = `
{
  "__v": 0,
  "_id": "66c4e516d6303ed5ac5a8e55",
  "description": "collection description",
  "name": "collection",
}
`;
