// Jest Snapshot v1, https://goo.gl/fbAQLP

exports[`data-import controller POST endpoints importData should respond with status 201 and correct body 1`] = `
[
  {
    "__v": 0,
    "_id": "66ce0bf156199c1b8df5db7d",
    "categories": [
      {
        "name": "Title",
        "subcategories": [],
        "value": "An artwork title",
      },
    ],
    "collectionName": "collection",
    "createdAt": "2024-09-25T02:43:33.416Z",
    "updatedAt": "2024-09-25T02:43:33.416Z",
  },
]
`;

exports[`data-import controller POST endpoints importDataAsCollection should respond with status 201 and correct body 1`] = `
{
  "newCollection": {
    "__v": 0,
    "_id": "66c4e516d6303ed5ac5a8e55",
    "categories": [
      {
        "name": "Title",
        "subcategories": [
          {
            "name": "subtitle",
            "subcategories": [],
          },
        ],
      },
    ],
    "description": "collection-description",
    "name": "collection",
  },
}
`;
